[    0.000000] Iitializigg cgroup subsys cpuset
[    0.000000] Initializing cgroup subsys cpu
[    0.000000] Initializing cgroup subsys cpuacct
[    0.000000] Linux version 4.4.0-210-generic (buildd@lgw01-amd64-009) (gcc version 5.4.0 20160609 (Ubuntu 5.4.0-6ubuntu1~16.04.12) ) #242-Ubuntu SMP Fri Apr 16 09:57:56 UTC021 (Ubuntu 4.4.0-21.242-generic 4.4.262)
[    0.000000] Commnd line: BOOT_IMAGE=/boot/vlinuz-4.4.0-10-generic root=LABEL=cloudimg-rootfs ro console=tty1 console=ttyS0
[    0.000000] KERNEL supported cpus:
[    0.000000]   Intel GenuineIntel
[    0.000000]   AMD AuthenticAMD
[    0.00000]   Cetaur CentaurHuls
[    0.000000] x86/fpu: Leacy x87 FPU deteced.
[    0.000000] e820: BIOS-prvided physical RAM map:
[    0.000000 BIOS-e20: [me 0x000000000000000-0x000000000009fbf] usable
[    0.000000] BOSe820: [mem 0x000000000009fc00-0x000000000009ffff] reserved
[    0.000000] BIOS-e820: [mem 0x00000000000f0000-0x00000000000fffff] reserved
[    0.000000] BIS-e820: [mm 0x0000000000100000-0x000000082feffff] usable
[    0.000000] BIOS-e820: [mem 0x000000082ff0000-0x0000000082ffff] ACPI data
[    0.000000] BIOS-e820: [mem 0x00000000fec00000-0x00000000fec00fff] reserved
[    0.000000] BIOS-e820: [mem 0x00000000fee00000-0x00000000fee00fff] reserved
[    0.000000] BIOS-e820: [mem 0x00000000fffc0000-0x00000000ffffffff] reserved
[    0.000000] NX (Execute Disable) protection: active
[    0.000000] SMBIOS 2.5 present.
[    0.000000] Hypervisor detected: KVM
[    0.000000] e820: last_pfn = 0x82ff0 max_arch_pfn = 0x400000000
[    0.000000] MTRR: Disabled
[    0.000000] x86/PAT: MTRRs disabled, skipping PAT initialization too.
[    0.000000] CPU MTRRs all blank - virtualized system.
[    0.000000] x86/PAT: Configuration [0-7]: WB  WT  UC- UC  WB  WT  UC- UC 
[    0.000000] found SMP MP-table at [mem 0x0009fff0-0x0009ffff] mapped at [ffff88000009fff0]
[    0.000000] Scanning 1 areas for low memory coruption
[    0.000000] RAMDISK: [mem 0x362dc000-x37165fff]
[    0.000000] ACPI: Early table checksum verification disabled
[    0.00000 ACPI: RSDP 0x00000000000E0000 000024 (v02 VBOX  )
[    0.000000] ACPI: XSDT 0x0000000082FF0030 00003C (v01 VBOX   VBOXXSDT 00000001 ASL  00000061)
[    0.000000] ACPI: FACP 0x000000082FF00F0 0000F4 (v04 VBOX   VBOXFACP 00000001 ASL  00000061)
[    0.000000] ACPI: DSDT 0x0000000082FF0470 0021FF (v02 VBOX   VBOXBIOS 00000002 INTL 20100528)
[    0.000000] ACPI: FACS 0x0000000082FF0200 000040
[    0.000000] ACPI: FACS 0x0000000082FF0200 000040
[    0.000000] ACPI: APIC 0x0000000082FF0240 00005C (v02 VBOX   VBOXAPIC 00000001 ASL  00000061)
[    0.000000] ACPI: SSDT 0x0000000082FF02A0 0001CC (v01 VBOX   VBOXCPUT 00000002 INTL 20100528)
[    0.000000] No NUMA configuration found
[    0.000000] Faking a node at [mem 0x0000000000000000-0x0000000082feffff]
[    0.000000] NODE_DATA(0) allocated [mem 0x82feb000-0x82feffff]
[    0.000000] kvm-clock: Using msrs 4b564d01 and 4b564d00
[    0.000000] kvm-clock: cpu 0, msr 0:82fe3001, primary cpu clock
[    0.000000] kvm-clock: using sched offset of 4674862036 cycles
[    0.000000] clocksource: kvm-clock: mask: 0xffffffffffffffff max_cycles: 0x1cd42e4dffb, max_idle_ns: 881590591483 ns
[    0.000000] Zone ranges:
[    0.000000]   DMA      [mem 0x0000000000001000-0x0000000000ffffff]
[    0.000000]   DMA32    [mem 0x0000000001000000-0x0000000082feffff]
[    0.000000]   Normal  empty
[    0.000000]   Device   empty
[    0.000000] Movable zone start for each node
[    0.000000] Early memory node ranges
[    0.000000]   node   0: [mem 0x0000000000001000-0x00000000009efff]
[    0.000000]   node   0: [mem 0x0000000000100000-0x0000000082fefff]
[    0.000000] Initmem setup node 0 [mem 0x0000000000001000-0x0000000082feffff]
[    0.000000] ACPI: PM-Timer IO Port: 0x4008
[    0.000000] IOAPIC[0]: apic_id 2, version 32, address 0xfec00000, GSI 0-23
[    0.000000] ACPI: INT_SRC_OVR (bus 0 bus_irq 0 global_irq 2 dfl dfl)
[    0.000000] ACPI: INT_SRC_OVR (bus 0 bus_irq 9 global_irq 9 low level)
[    0.000000] Using ACPI (MADT) for SMP configuration information
[    0.000000] smpboot: Allowing 2 CPUs, 0 hotplug CPUs
[    0.000000] PM: Registered nosave memory: [mem 0x00000000-0x00000fff]
[    0.000000] PM: Registered nosave memory: [mem 0x0009f000-0x0009ffff]
[    0000000] PM: Registered nosave memory: [mem 0x000a0000-0x000effff]
[    0.000000] PM: Registered nosave memory: [mem 0x000f0000-0x000fffff]
[    0.000000] e820: [mem 0x83000000-0xfebfffff] available for PCI devices
[    0.000000] Booting paravirtualized kernel on KVM
[    0.000000] clocksource: refined-jiffies: mask: 0xffffffff max_cycles: 0xffffffff, max_idle_ns: 7645519600211568 ns
[    0.000000] setup_percpu: NR_CPUS:512 nr_cpumask_bits:512 nr_cpu_ids:2 nr_node_ids:1
[    0.000000] PERCPU: Embedded 33 pages/cpu @ffff880082c00000 s95192 r8192 d31784 u1048576
[    0.000000] Built 1 zonelists in Node order, mobility grouping on.  Total pages: 528056
[    0.000000] Policy zone: DMA32
[    0.000000] Kernel command line: BOOT_IMAGE=/boot/vmlinuz-4.4.0-210-generic root=LABEL=cloudimg-rootfs ro console=tty1 console=ttyS0
[    0.000000] PID hash table entries: 4096 (order: 3, 32768bytes)
[    0.000000] Memory: 2077088K/2145848K available (8644K kernel code, 1332K rwdata, 4044K rodata, 1492K init, 1164K bss, 68760K reserved, 0K cma-reserved)
[    0.000000] SLUB: HWalign=64, Order=0-3, MinObjects=0, CPUs=2, Nodes=1
[    0.000000] Kernel/User page tables isolation: enabled
[    0.000000] Hierarchical RCU implementation.
[    0.000000] 	Build-time adjustment of leaf fanout to 64.
[    0.000000] 	RCU restricting CPUs from NR_CPUS=512 to nr_cpu_ids=2.
[    00.000000] RCU: Adjusting geometry for rcu_fanout_leaf=64, nr_cpu_ids=2
[    0.000000] NR_IRQS:33024 nr_irqs:440 16
[    0.000000] Console: colour VGA+ 80x25
[    0.000000] console [tty1] enabled
[    0.000000] console [ttyS0] enabled
[    0.000000] tsc: Detected 2808.716 MHz processor
[    0.931471] Calibrating delay loop (skipped) preset value.. 5617.43 BogoMIPS (lpj=11234864)
[    0.934182] pid_max: default: 32768 minimum: 301
[    0.935677] ACPI: Core revision 20150930
[    0.938526] ACPI: 2 ACPI AML tables successfully cquired and loaded
[    0.955135] Security Framework initialized
[    0.956270] Yama: becoming mindful.
[    0.957253] AppArmor: AppArmor initialized
[    0.963148] Dentry cache hash table entries: 524288 (order: 10, 4194304 bytes)
[    0.975139] Inode-cache hash table entries: 262144 (order: 9, 2097152 bytes)
[    0.977128] Mount-cache hash table entries: 8192 (order: 4, 65536 bytes)
[    0.978871] Mountpoint-cache hash table entriees: 8192 (order: 4, 65536 bytes)
[    0.986238] Initializing cgroup subsys io
[    0.987336] Initializing cgroup subsys memory
[    0.988438] Initializing cgroup subsys devices
[    0.989513] Initializing cgroup subsys freezer
[    0.990660] Initializing cgroup subsys net_cls
[    0.991847] Initializing cgroup subsys perf_event
[    0.993073] Initializing cgroup subsys net_prio
[    0.994218] Initializing cgroup subsys hugetlb
[    0.995554] Initializing cgroup subsys pids
[    0.997323] mce: CPU supports 0 MCE banks
[    0.998601] Last level iTLB entries: 4KB 512, 2MB 7, 4MB 7
[    0.999958] Last level dTLB entries: 4KB 512, 2MB 32, 4MB 32, 1GB 0
[    1.001471] Spectre V1 : Mitigation: usercopy/swapgs barriers and __user pointer sanitization
[    1.003661] Spectre V2 : Mitigation: Full generic retpoline
[    1.004972] Spectre V2 : Spectre v2 / SpectreRSB mitigation: Filling RSB on context switch
[    1.007064] Speculative Store Bypass: Vulnerable
[    1.011114] MDS: Vulnerable: Clear CPU buffers attempted, no microcode
[    1.018843] Freeing SMP alternatives memory: 36K
[    1.029279] ftrace: allocating 32380 entries in 127 pages
[    1.092664] smpboot: APIC(0) Converting physical 0 to logical package 0
[    1.095996] smpboot: Max logical packages: 1
[    1.099821] x2apic enabled
[    1.116099] Switched APIC routing to physical x2apic.
[    1.119447] ..TIMER: vector=0x30 apic1=0 pin1=2 apic2=-1 pin2=-1
[    1.229452] smpboot: CPU0: Intel(R) Core(TM) i7 CPU         860  @ 2.80GHz (family: 0x6, model: 0x1e, stepping: 0x5)
[    1.234164] Performance Events: unsupported p6 CPU model 30 no PMU driver, software events only.
[    1.248193] KVM setup paravirtual spinlock
[    1.260175] x86: Booting SMP configuration:
[    1.261612] .... node  #0, CPUs:      #1
[    1.263106] kvm-clock: cpu 1, msr 0:82fe3041, secondary cpu clock
[    1.264359] mce: CPU supports 0 MCE banks
[    1.267232] x86: Booted up 1 node, 2 CPUs
[    1.268532] smpboot: Total of 2 processors activated (11234.86 BogoMIPS)
[    1.277884] devtmpfs: initialized
[    1.293367] evm: security.selinux
[    1.294455] evm: security.SMACK64
[    1.299148] evm: security.SMACK64EXEC
[    1.303540] evm: security.SMACK64TRANSMUTE
[    1.304685] evm: security.SMACK64MMAP
[    1.306955] evm: security.ima
[    1.309205] evm: security.capability
[    1.310399] clocksource: jiffies: mask: 0xffffffff max_cycles: 0xffffffff, max_idle_ns: 7645041785100000 ns
[    1.314304] futex hash table entries: 512 (order: 3, 32768 bytes)
[    1.315903] pinctrl core: initialized pinctrl subsystem
[    1.317229] RTC time:  7:16:50, date: 11/17/23
[    1.318504] NET: Registered protocol family 16
[    1.330874] cpuidle: using governor ladder
[    1.347478] cpuidle: using governor menu
[    1.351205] PCCT header not found.
[    1.353747] ACPI: bus type PCI registered
[    1.355356] acpiphp: ACPI Hot Plug PCI Controller Driver version: 0.5
[    1.359884] PCI: Using configuration type 1 for base access
[    1.384715] ACPI: Added _OSI(Module Device)
[    1.386316] ACPI: Added _OSI(Processor Device)
[    1.387636] ACPI: Added _OSI(3.0 _SCP Extensions)
[    1.389066] ACPI: Added _OSI(Processor Aggregator Device)
[    1.392973] ACPI: Executed 1 blocks of module-level executable AML code
[    1.398594] ACPI: Interpreter enabled
[    1.399746] ACPI: (supports S0 S5)
[    1.408063] ACPI: Using IOAPIC for interrupt routing
[    1.410966] PCI: Using host bridge windows from ACPI; if necessary, use "pci=nocrs" and report a bug
[    1.419350] ACPI: PCI Root Bridge [PCI0] (domain 0000 [bus 00-ff])
[    1.423675] acpi PNP0A03:00: _OSC: OS supports [ASPM ClockPM Segments MSI]
[    1.429850] acpi PNP0A03:00: _OSC: not requesting OS control; OS requires [ExtendedConfig ASPM ClockPM MSI]
[    1.432635] acpi PNP0A03:00: fail to add MMCONFIG information, can't access extended PCI configuration space under this bridge.
[    1.447993] PCI host bridge to bus 0000:00
[    1.449682] pci_bus 0000:00: root bus resource [io  0x0000-0x0cf7 window]
[    1.451530] pci_bus 0000:00: root bus resource [io  0x0d00-0xffff window]
[    1.454520] pci_bus 0000:00: root bus resource [mem 0x000a0000-0x000bffff window]
[    1.456527] pci_bus 0000:00: root bus resource [mem 0x83000000-0xfdffffff window]
[    1.458613] pci_bus 0000:00: root bus resource [bus 00-ff]
[    1.462190] pci 0000:00:01.1: legacy IDE quirk: reg 0x10: [io  0x01f0-0x01f7]
[    1.476029] pci 0000:00:01.1: legacy IDE quirk: reg 0x14: [io  0x03f6]
[    1.479925] pci 0000:00:01.1: legacy IDE quirk: reg 0x18: [io  0x0170-0x0177]
[    1.490490] pci 0000:00:01.1: legacy IDE quirk: reg 0x1c: [io  0x0376]
[    1.534745] pci 0000:00:07.0: quirk: [io  0x4000-0x403f] claimed by PIIX4 ACPI
[    1.549065] pci 0000:00:07.0: quirk: [io  0x4100-0x410f] claimed by PIIX4 SMB
[    1.580918] ACPI: PCI Interrupt Link [LNKA] (IRQs 5 9 10 *11)
[    1.584014] ACPI: PCI Interrupt Link [LNKB] (IRQs 5 9 *10 11)
[    1.601329] ACPI: PCI Interrupt Link [LNKC] (IRQs 5 *9 10 11)
[    1.604021] ACPI: PCI Interrupt Link [LNKD] (IRQs 5 9 10 *11)
[    1.608058] ACPI: Enabled 2 GPEs in block 00 to 07
[    1.609800] vgaarb: setting as boot device: PCI:0000:00:02.0
[    1.611315] vgaarb: device added: PCI:0000:00:02.0,decodes=io+mem,owns=io+mem,locks=none
[    1.613458] vgaarb: loaded
[    1.614481] vgaarb: bridge control possible 0000:00:02.0
[    1.620576] SCSI subsystem initialized
[    1.629204] ACPI: bus type USB registered
[    1.630796] usbcore: registered new interface driver usbfs
[    1.632472] usbcore: registered new interface driver hub
[    1.634037] usbcore: registered new device driver usb
[    1.635532] PCI: Using ACPI for IRQ routing
[    1.636899] NetLabel: Initializing
[    1.640881] NetLabel:  domain hash size = 128
[    1.645766] NetLabel:  protocols = UNLABELED CIPSOv4
[    1.647304] NetLabel:  unlabeled traffic allowed by default
[    1.657021] amd_nb: Cannot enumerate AMD northbridges
[    1.658640] clocksource: Switched to clocksource kvm-clock
[    1.699849] AppArmor: AppArmor Filesystem Enabled
[    1.701234] pnp: PnP ACPI init
[    1.706082] pnp: PnP ACPI: found 3 devices
[    1.713769] clocksource: acpi_pm: mask: 0xffffff max_cycles: 0xffffff, max_idle_ns: 2085701024 ns
[    1.717241] NET: Registered protocol family 2
[    1.723286] TCP established hash table entries: 32768 (order: 6, 262144 bytes)
[    1.725755] TCP bind hash table entries: 32768 (order: 7, 524288 bytes)
[    1.727410] TCP: Hash tables configured (established 32768 bind 32768)
[    1.746238] UDP hash table entries: 2048 (order: 4, 65536 bytes)
[    1.747979] UDP-Lite hash table entries: 2048 (order: 4, 65536 bytes)
[    1.749578] NET: Registered protocol family 1
[    1.752695] pci 0000:00:00.0: Limiting direct PCI/PCI transfers
[    1.757202] pci 0000:00:01.0: Activating ISA DMA hang workarounds
[    1.770182] Unpacking initramfs...
[    2.227880] Freeing initrd memory: 14888K
[    2.229638] clocksource: tsc: mask: 0xffffffffffffffff max_cycles: 0x287c6a765a3, max_idle_ns: 440795290270 ns
[    2.232575] platform rtc_cmos: registered platform RTC device (no PNP device found)
[    2.234617] Scanning for low memory corruption every 60 seconds
[    2.236958] audit: initializing netlink subsys (disabled)
[    2.241548] audit: type=2000 audit(1700205416.232:1): initialized
[    2.252574] Initialise system trusted keyring
[    2.256626] HugeTLB registered 2 MB page size, pre-allocated 0 pages
[    2.259741] zbud: loaded
[    2.261059] VFS: Disk quotas dquot_6.6.0
[    2.262464] VFS: Dquot-cache hash table entries: 512 (order 0, 4096 bytes)
[    2.264686] squashfs: version 4.0 (2009/01/31) Phillip Lougher
[    2.266538] fuse init (API version 7.23)
[    2.267774] Key type big_key registered
[    2.271482] Allocating IMA MOK and blacklist keyrings.
[    2.274336] Key type asymmetric registered
[    2.275654] Asymmetric key parser 'x509' registered
[    2.280294] Block layer SCSI generic (bsg) driver version 0.4 loaded (major 249)
[    2.285157] io scheduler noop registered
[    2.288335] io scheduler deadline registered (default)
[    2.289792] io scheduler cfq registered
[    2.290845] pci_hotplug: PCI Hot Plug PCI Core version: 0.5
[    2.292434] pciehp: PCI Express Hot Plug Controller Driver version: 0.4
[    2.294844] ACPI: AC Adapter [AC] (on-line)
[    2.298848] input: Power Button as /devices/LNXSYSTM:00/LNXPWRBN:00/input/input0
[    2.301016] ACPI: Power Button [PWRF]
[    2.302297] input: Sleep Button as /devices/LNXSYSTM:00/LNXSLPBN:00/input/input1
[    2.304142] ACPI: Sleep Button [SLPF]
[    2.307885] GHES: HEST is not enabled!
[    2.317769] Serial: 8250/16550 driver, 32 ports, IRQ sharing enabled
[    2.343981] 00:02: ttyS0 at I/O 0x3f8 (irq = 4, base_baud = 115200) is a 16550A
[    2.363688] Linux agpgart interface v0.103
[    2.378706] loop: module loaded
[    2.380340] scsi host0: ata_piix
[    2.381384] scsi host1: ata_piix
[    2.382333] ata1: PATA max UDMA/33 cmd 0x1f0 ctl 0x3f6 bmdma 0xd000 irq 14
[    2.383955] ata2: PATA max UDMA/33 cmd 0x170 ctl 0x376 bmdma 0xd008 irq 15
[    2.385651] libphy: Fixed MDIO Bus: probed
[    2.386809] tun: Universal TUN/TAP device driver, 1.6
[    2.388145] tun: (C) 1999-2004 Max Krasnyansky <maxk@qualcomm.com>
[    2.389668] PPP generic driver version 2.4.2
[    2.390886] ehci_hcd: USB 2.0 'Enhanced' Host Controller (EHCI) Driver
[    2.396626] ehci-pci: EHCI PCI platform driver
[    2.407272] ehci-platform: EHCI generic platform driver
[    2.411432] ohci_hcd: USB 1.1 'Open' Host Controller (OHCI) Driver
[    2.413238] ohci-pci: OHCI PCI platform driver
[    2.414273] ohci-platform: OHCI generic platform driver
[    2.415611] uhci_hcd: USB Universal Host Controller Interface driver
[    2.417035] i8042: PNP: PS/2 Controller [PNP0303:PS2K,PNP0f03:PS2M] at 0x60,0x64 irq 1,12
[    2.419456] serio: i8042 KBD port at 0x60,0x64 irq 1
[    2.420590] serio: i8042 AUX port at 0x60,0x64 irq 12
[    2.422060] mousedev: PS/2 mouse device common for all mice
[    2.424004] input: AT Translated Set 2 keyboard as /devices/platform/i8042/serio0/input/input2
[    2.429631] rtc_cmos rtc_cmos: rtc core: registered rtc_cmos as rtc0
[    2.431205] rtc_cmos rtc_cmos: alarms up to one day, 114 bytes nvram
[    2.434752] i2c /dev entries driver
[    2.435715] device-mapper: uevent: version 1.0.3
[    2.436959] device-mapper: ioctl: 4.34.0-ioctl (2015-10-28) initialised: dm-devel@redhat.com
[    2.438980] ledtrig-cpu: registered to indicate activity on CPUs
[    2.441255] NET: Registered protocol family 10
[    2.444173] NET: Registered protocol family 17
[    2.445381] Key type dns_resolver registered
[    2.447069] registered taskstats version 1
[    2.448094] Loading compiled-in X.509 certificates
[    2.450126] Loaded X.509 cert 'Build time autogenerated kernel key: cf00e047681d67edb2720680708b7d9498083038'
[    2.453330] zswap: loaded using pool lzo/zbud
[    2.456862] Key type trusted registered
[    2.461484] Key type encrypted registered
[    2.462952] AppArmor: AppArmor sha1 policy hashing enabled
[    2.465804] ima: No TPM chip found, activating TPM-bypass!
[    2.474096] ima: Allocated hash algorithm: sha1
[    2.475329] evm: HMAC attrs: 0x1
[    2.476606]   Magic number: 15:767:268
[    2.477741] rtc_cmos rtc_cmos: setting system clock to 2023-11-17 07:16:51 UTC (1700205411)
[    2.481361] BIOS EDD facility v0.16 2004-Jun-25, 0 devices found
[    2.482859] EDD information not available.
[    2.544951] Freeing unused kernel memory: 1492K
[    2.554612] Write protecting the kernel read-only data: 14336k
[    2.562447] Freeing unused kernel memory: 1584K
[    2.564269] Freeing unused kernel memory: 52K
Loading, please wait...
starting version[    2.585065] random: systemd-udevd: uninitialized urandom read (16 bytes read, 2 bits of entropy available)
 229
[    2.585775] random: udevadm: uninitialized urandom read (16 bytes read, 2 bits of entropy available)
[    2.585799] random: udevadm: uninitialized urandom read (16 bytes read, 2 bits of entropy available)
[    2.599809] random: udevadm: uninitialized urandom read (16 bytes read, 2 bits of entropy available)
[    2.599878] random: udevadm: uninitialized urandom read (16 bytes read, 2 bits of entropy available)
[    2.600152] random: udevadm: uninitialized urandom read (16 bytes read, 2 bits of entropy available)
[    2.600262] random: udevadm: uninitialized urandom read (16 bytes read, 2 bits of entropy available)
[    2.600375] random: udevadm: uninitialized urandom read (16 bytes read, 2 bits of entropy available)
[    2.600483] random: udevadm: uninitialized urandom read (16 bytes read, 2 bits of entropy available)
[    2.600583] random: udevadm: uninitialized urandom read (16 bytes read, 2 bits of entropy available)
[    2.698818] e1000: Intel(R) PRO/1000 Network Driver - version 7.3.21-k8-NAPI
[    2.700969] e1000: Copyright (c) 1999-2006 Intel Corporation.
[    2.707580] Fusion MPT base driver 3.04.20
[    2.709250] Copyright (c) 1999-2008 LSI Corporation
[    2.716736] Fusion MPT SPI Host driver 3.04.20
[    2.718809] mptbase: ioc0: Initiating bringup
[    2.782946] ioc0: LSI53C1030 A0: Capabilities={Initiator}
[    2.929684] input: ImExPS/2 Generic Explorer Mouse as /devices/platform/i8042/serio1/input/input4
[    2.946146] scsi host2: ioc0: LSI53C1030 A0, FwRev=00000000h, Ports=1, MaxQ=256, IRQ=20
[    3.067465] scsi 2:0:0:0: Direct-Access     VBOX     HARDDISK         1.0  PQ: 0 ANSI: 5
[    3.077465] scsi target2:0:0: Beginning Domain Validation
[    3.081899] scsi target2:0:0: Domain Validation skipping write tests
[    3.085175] scsi target2:0:0: Ending Domain Validation
[    3.086507] scsi target2:0:0: asynchronous
[    3.088053] scsi 2:0:1:0: Direct-Access     VBOX     HARDDISK         1.0  PQ: 0 ANSI: 5
[    3.090090] scsi target2:0:1: Beginning Domain Validation
[    3.092273] scsi target2:0:1: Domain Validation skipping write tests
[    3.097198] scsi target2:0:1: Ending Domain Validation
[    3.098859] scsi target2:0:1: asynchronous
[    3.119671] sd 2:0:0:0: Attached scsi generic sg0 type 0
[    3.127016] sd 2:0:0:0: [sda] 83886080 512-byte logical blocks: (42.9 GB/40.0 GiB)
[    3.129630] sd 2:0:0:0: [sda] Write Protect is off
[    3.131449] sd 2:0:0:0: [sda] Incomplete mode parameter data
[    3.133394] sd 2:0:0:0: [sda] Assuming drive cache: write through
[    3.141235] sd 2:0:1:0: Attached scsi generic sg1 type 0
[    3.154902] sd 2:0:1:0: [sdb] 20480 512-byte logical blocks: (10.5 MB/10.0 MiB)
[    3.168578] sd 2:0:1:0: [sdb] Write Protect is off
[    3.185052] sd 2:0:1:0: [sdb] Incomplete mode parameter data
[    3.187261] sd 2:0:1:0: [sdb] Assuming drive cache: write through
[    3.189354]  sda: sda1
[    3.191626] sd 2:0:0:0: [sda] Attached SCSI disk
[    3.194924] sd 2:0:1:0: [sdb] Attached SCSI disk
[    3.484823] e1000 0000:00:03.0 eth0: (PCI:33MHz:32-bit) 02:be:82:6b:cc:1d
[    3.489989] e1000 0000:00:03.0 eth0: Intel(R) PRO/1000 Network Connection
[    3.908043] e1000 0000:00:08.0 eth1: (PCI:33MHz:32-bit) 08:00:27:81:c4:22
[    3.909594] e1000 0000:00:08.0 eth1: Intel(R) PRO/1000 Network Connection
[    3.912624] e1000 0000:00:03.0 enp0s3: renamed from eth0
[    3.923632] e1000 0000:00:08.0 enp0s8: renamed from eth1
Begin: Loading essential drivers ... [    5.278155] md: linear personality registered for level -1
[    5.305570] md: multipath personality registered for level -4
[    5.311233] md: raid0 personality registered for level 0
[    5.326759] md: raid1 personality registered for level 1
[    5.402710] raid6: sse2x1   gen()  7075 MB/s
[    5.471036] raid6: sse2x1   xor()  6134 MB/s
[    5.539394] raid6: sse2x2   gen()  9290 MB/s
[    5.610709] raid6: sse2x2   xor()  7316 MB/s
[    5.678992] raid6: sse2x4   gen() 10786 MB/s
[    5.771726] raid6: sse2x4   xor()  7588 MB/s
[    5.773160] raid6: using algorithm sse2x4 gen() 10786 MB/s
[    5.783039] raid6: .... xor() 7588 MB/s, rmw enabled
[    5.794715] raid6: using ssse3x2 recovery algorithm
[    5.806064] xor: measuring software checksum speed
[    5.854759]    prefetch64-sse: 12149.000 MB/sec
[    5.899658]    generic_sse: 13834.000 MB/sec
[    5.901127] xor: using function: generic_sse (13834.000 MB/sec)
[    5.916814] async_tx: api initialized (async)
[    5.931652] md: raid6 personality registered for level 6
[    5.944693] md: raid5 personality registered for level 5
[    5.953134] md: raid4 personality registered for level 4
[    5.970862] md: raid10 personality registered for level 10
done.
Begin: Running /scripts/init-premount ... done.
Begin: Mounting root file system ... Begin: Running /scripts/local-top ... done.
Begin: Running /scripts/local-premount ... [    6.035863] Btrfs loaded
Scanning for Btrfs filesystems
done.
Warning: fsck not present, so skipping root file system
[    6.092465] EXT4-fs (sda1): mounted filesystem with ordered data mode. Opts: (null)
done.
Begin: Running /scripts/local-bottom ... done.
Begin: Running /scripts/init-bottom ... done.
[    6.275989] systemd[1]: systemd 229 running in system mode. (+PAM +AUDIT +SELINUX +IMA +APPARMOR +SMACK +SYSVINIT +UTMP +LIBCRYPTSETUP +GCRYPT +GNUTLS +ACL +XZ -LZ4 +SECCOMP +BLKID +ELFUTILS +KMOD -IDN)
[    6.293826] systemd[1]: Detected virtualization oracle.
[    6.295848] systemd[1]: Detected architecture x86-64.

Welcome to [1mUbuntu 16.04.7 LTS[0m!

[    6.316787] systemd[1]: Set hostname to <ubuntu-xenial>.
[    6.519412] systemd[1]: Started Forward Password Requests to Wall Directory Watch.
[[0;32m  OK  [0m] Started Forward Password Requests to Wall Directory Watch.
[    6.534032] systemd[1]: Listening on fsck to fsckd communication Socket.
[[0;32m  OK  [0m] Listening on fsck to fsckd communication Socket.
[    6.546589] systemd[1]: Reached target Swap.
[[0;32m  OK  [0m] Reached target Swap.
[    6.552288] systemd[1]: Listening on /dev/initctl Compatibility Named Pipe.
[[0;32m  OK  [0m] Listening on /dev/initctl Compatibility Named Pipe.
[    6.555847] systemd[1]: Reached target Encrypted Volumes.
[[0;32m  OK  [0m] Reached target Encrypted Volumes.
[    6.559102] systemd[1]: Listening on Journal Socket.
[[0;32m  OK  [0m] Listening on Journal Socket.
[    6.565197] systemd[1]: Listening on udev Control Socket.
[[0;32m  OK  [0m] Listening on udev Control Socket.
[    6.601355] systemd[1]: Listening on Device-mapper event daemon FIFOs.
[[0;32m  OK  [0m] Listening on Device-mapper event daemon FIFOs.
[    6.604482] systemd[1]: Listening on Journal Socket (/dev/log).
[[0;32m  OK  [0m] Listening on Journal Socket (/dev/log).
[    6.619621] systemd[1]: Started Trigger resolvconf update for networkd DNS.
[[0;32m  OK  [0m] Started Trigger resolvconf update for networkd DNS.
[    6.638519] systemd[1]: Listening on Syslog Socket.
[[0;32m  OK  [0m] Listening on Syslog Socket.
[    6.660861] systemd[1]: Listening on LVM2 metadata daemon socket.
[[0;32m  OK  [0m] Listening on LVM2 metadata daemon socket.
[    6.671321] systemd[1]: Reached target User and Group Name Lookups.
[[0;32m  OK  [0m] Reached target User and Group Name Lookups.
[    6.679238] systemd[1]: Set up automount Arbitrary Executable File Formats File System Automount Point.
[[0;32m  OK  [0m] Set up automount Arbitrary Executab...ats File System Automount Point.
[    6.688020] systemd[1]: Listening on udev Kernel Socket.
[[0;32m  OK  [0m] Listening on udev Kernel Socket.
[    6.691294] systemd[1]: Created slice User and Session Slice.
[[0;32m  OK  [0m] Created slice User and Session Slice.
[    6.703862] systemd[1]: Created slice System Slice.
[[0;32m  OK  [0m] Created slice System Slice.
[    6.711220] systemd[1]: Created slice system-serial\x2dgetty.slice.
[[0;32m  OK  [0m] Created slice system-serial\x2dgetty.slice.
[    6.726992] systemd[1]: Starting Nameserver information manager...
         Starting Nameserver information manager...
[    6.764567] systemd[1]: Mounting Debug File System...
         Mounting Debug File System...
[    6.769010] systemd[1]: Mounting POSIX Message Queue File System...
         Mounting POSIX Message Queue File System...
[    6.786573] systemd[1]: Starting Monitoring of LVM2 mirrors, snapshots etc. using dmeventd or progress polling...
         Starting Monitoring of LVM2 mirrors... dmeventd or progress polling...
[    6.801176] systemd[1]: Starting Set console keymap...
         Starting Set console keymap...
[    6.816016] systemd[1]: Starting File System Check on Root Device...
         Starting File System Check on Root Device...
[    6.831116] systemd[1]: Starting Uncomplicated firewall...
         Starting Uncomplicated firewall...
[    6.834924] systemd[1]: Starting Create list of required static device nodes for the current kernel...
         Starting Create list of required st... nodes for the current kernel...
[    6.845426] systemd[1]: Starting Load Kernel Modules...
         Starting Load Kernel Modules...
[    6.868198] Loading iSCSI transport class v2.0-870.
[    6.875977] systemd[1]: Mounting Huge Pages File System...
         Mounting Huge Pages File System...
[    6.881387] systemd[1]: Reached target Slices.
[[0;32m  OK  [0m] Reached target Slices.
[    6.892969] ip_tables: (C) 2000-2006 Netfilter Core Team
[    6.894720] iscsi: registered transport (tcp)
[    6.899732] systemd[1]: Listening on Journal Audit Socket.
[[0;32m  OK  [0m] Listening on Journal Audit Socket.
[    6.910505] nf_conntrack version 0.5.0 (16384 buckets, 65536 max)
[    6.927222] systemd[1]: Starting Journal Service...
         Starting Journal Service...
[    6.969311] systemd[1]: Reached target System Time Synchronized.
[[0;32m  OK  [0m] Reached target System Time Synchronized.
[    6.992587] systemd[1]: Listening on LVM2 poll daemon socket.
[    6.997697] iscsi: registered transport (iser)
[[0;32m  OK  [0m] Listening on LVM2 poll daemon socket.
[    7.000552] ip6_tables: (C) 2000-2006 Netfilter Core Team
[    7.023901] systemd[1]: Mounted Huge Pages File System.
[[0;32m  OK  [0m] Mounted Huge Pages File System.
[    7.038552] systemd[1]: Mounted POSIX Message Queue File System.
[[0;32m  OK  [0m] Mounted POSIX Message Queue File System.
[    7.059054] systemd[1]: Mounted Debug File System.
[[0;32m  OK  [0m] Mounted Debug File System.
[    7.069197] systemd[1]: Started Journal Service.
[[0;32m  OK  [0m] Started Journal Service.
[[0;32m  OK  [0m] Started Set console keymap.
[[0;32m  OK  [0m] Started File System Check on Root Device.
[[0;32m  OK  [0m] Started Create list of required sta...ce nodes for the current kernel.
[[0;32m  OK  [0m] Started Load Kernel Modules.
[[0;32m  OK  [0m] Started Nameserver information manager.
[[0;32m  OK  [0m] Started LVM2 metadata daemon.
[[0;32m  OK  [0m] Started File System Check Daemon to report status.
         Mounting FUSE Control File System...
         Starting Apply Kernel Variables...
         Starting Create Static Device Nodes in /dev...
         Starting Remount Root and Kernel File Systems...
[[0;32m  OK  [0m] Mounted FUSE Control File System.
[[0;32m  OK  [0m] Started Apply Kernel Variables.
[[0;32m  OK  [0m] Started Remount Root and Kernel File Systems.
         Starting Load/Save Random Seed...
         Starting udev Coldplug all Devices...
         Starting Flush Journal to Persistent Storage...
[[0;32m  OK  [0m] Started Create Static Device Nodes in /dev.
[[0;32m  OK  [0m] Started Load/Save Random Seed.
[[0;32m  OK  [0m] Started Uncomplicated firewall.
         Starting udev Kernel Device Manager...
[[0;32m  OK  [0m] Started Flush Journal to Persistent Storage.
[[0;32m  OK  [0m] Started udev Kernel Device Manager.
[[0;32m  OK  [0m] Started Monitoring of LVM2 mirrors,...ng dmeventd or progress polling.
[[0;32m  OK  [0m] Started udev Coldplug all Devices.
[[0;32m  OK  [0m] Reached target Local File Systems (Pre).
[[0;32m  OK  [0m] Reached target Local File Systems.
         Starting Initial cloud-init job (pre-networking)...
         Starting LSB: AppArmor initialization...
         Starting Set console font and keymap...
         Starting Create Volatile Files and Directories...
         Starting Tell Plymouth To Write Out Runtime Data...
[[0;32m  OK  [0m] Started Dispatch Password Requests to Console Directory Watch.
[[0;32m  OK  [0m] Started Create Volatile Files and Directories.
         Starting Update UTMP about System Boot/Shutdown...
[[0;32m  OK  [0m] Started Tell Plymouth To Write Out Runtime Data.
[[0;32m  OK  [0m] Started Update UTMP about System Boot/Shutdown.
[[0;32m  OK  [0m] Started LSB: AppArmor initialization.
[[0;32m  OK  [0m] Found device /dev/ttyS0.
         Starting Load AppArmor profiles managed internally by snapd...
[[0;32m  OK  [0m] Started Load AppArmor profiles managed internally by snapd.
[[0;32m  OK  [0m] Listening on Load/Save RF Kill Switch Status /dev/rfkill Watch.
[[0;32m  OK  [0m] Found device 82540EM Gigabit Ethern...r (PRO/1000 MT Desktop Adapter).
[[0;32m  OK  [0m] Found device 82540EM Gigabit Ethern...r (PRO/1000 MT Desktop Adapter).
[[0;32m  OK  [0m] Started Set console font and keymap.
[[0;32m  OK  [0m] Created slice system-getty.slice.
[    8.086293] cloud-init[538]: Cloud-init v. 21.1-19-gbad84ad4-0ubuntu1~16.04.2 running 'init-local' at Fri, 17 Nov 2023 07:16:57 +0000. Up 7.69 seconds.
[[0;32m  OK  [0m] Started Initial cloud-init job (pre-networking).
[[0;32m  OK  [0m] Reached target Network (Pre).
         Starting Raise network interfaces...
[[0;32m  OK  [0m] Started ifup for enp0s8.
[[0;32m  OK  [0m] Started ifup for enp0s3.
[[0;32m  OK  [0m] Started Raise network interfaces.
         Starting Initial cloud-init job (metadata service crawler)...
[[0;32m  OK  [0m] Reached target Network.
[    9.170287] cloud-init[1128]: Cloud-init v. 21.1-19-gbad84ad4-0ubuntu1~16.04.2 running 'init' at Fri, 17 Nov 2023 07:16:58 +0000. Up 8.80 seconds.
[    9.176217] cloud-init[1128]: ci-info: ++++++++++++++++++++++++++++++++++++++Net device info+++++++++++++++++++++++++++++++++++++++
[    9.192707] cloud-init[1128]: ci-info: +--------+------+-----------------------------+---------------+--------+-------------------+
[    9.216528] cloud-init[1128]: ci-info: | Device |  Up  |           Address           |      Mask     | Scope  |     Hw-Address    |
[    9.220053] cloud-init[1128]: ci-info: +--------+------+-----------------------------+---------------+--------+-------------------+
[    9.223713] cloud-init[1128]: ci-info: | enp0s3 | True |          10.0.2.15          | 255.255.255.0 | global | 02:be:82:6b:cc:1d |
[    9.236632] cloud-init[1128]: ci-info: | enp0s3 | True |  fe80::be:82ff:fe6b:cc1d/64 |       .       |  link  | 02:be:82:6b:cc:1d |
[[0;32m  OK  [0m] Started Initial cloud-init job (metadata service crawler).
[    9.252381] cloud-init[1128]: ci-info: | enp0s8 | True |        192.168.33.12        | 255.255.255.0 | global | 08:00:27:81:c4:22 |
[    9.261540] cloud-init[1128]: ci-info: | enp0s8 | True | fe80::a00:27ff:fe81:c422/64 |       .       |  link  | 08:00:27:81:c4:22 |
[    9.261615] cloud-init[1128]: ci-info: |   lo   | True |          127.0.0.1          |   255.0.0.0   |  host  |         .         |
[    9.261682] cloud-init[1128]: ci-info: |   lo   | True |           ::1/128           |       .       |  host  |         .         |
[    9.261749] cloud-init[1128]: ci-info: +--------+------+-----------------------------+---------------+--------+-------------------+
[    9.261815] cloud-init[1128]: ci-info: ++++++++++++++++++++++++++++Route IPv4 info++++++++++++++++++++++++++++
[    9.261883] cloud-init[1128]: ci-info: +-------+--------------+----------+---------------+-----------+-------+
[    9.261950] cloud-init[1128]: ci-info: | Route | Destination  | Gateway  |    Genmask    | Interface | Flags |
[    9.262020] cloud-init[1128]: ci-info: +-------+--------------+----------+---------------+-----------+-------+
[    9.262091] cloud-init[1128]: ci-info: |   0   |   0.0.0.0    | 10.0.2.2 |    0.0.0.0    |   enp0s3  |   UG  |
[    9.262158] cloud-init[1128]: ci-info: |   1   |   10.0.2.0   | 0.0.0.0  | 255.255.255.0 |   enp0s3  |   U   |
[    9.262228] cloud-init[1128]: ci-info: |   2   | 192.168.33.0 | 0.0.0.0  | 255.255.255.0 |   enp0s8  |   U   |
[    9.262294] cloud-init[1128]: ci-info: +-------+--------------+----------+---------------+-----------+-------+
[    9.262362] cloud-init[1128]: ci-info: +++++++++++++++++++Route IPv6 info+++++++++++++++++++
[    9.262429] cloud-init[1128]: ci-info: +-------+-------------+---------+-----------+-------+
[    9.262531] cloud-init[1128]: ci-info: | Route | Destination | Gateway | Interface | Flags |
[    9.262604] cloud-init[1128]: ci-info: +-------+-------------+---------+-----------+-------+
[    9.262672] cloud-init[1128]: ci-info: |   0   |  fe80::/64  |    ::   |   enp0s8  |   U   |
[    9.262744] cloud-init[1128]: ci-info: |   1   |  fe80::/64  |    ::   |   enp0s3  |   U   |
[    9.262812] cloud-init[1128]: ci-info: |   4   |   ff00::/8  |    ::   |   enp0s8  |   U   |
[    9.262883] cloud-init[1128]: ci-info: |   5   |   ff00::/8  |    ::   |   enp0s3  |   U   |
[    9.262952] cloud-init[1128]: ci-info: +-------+-------------+---------+-----------+-------+
[[0;32m  OK  [0m] Reached target Cloud-config availability.
[[0;32m  OK  [0m] Reached target System Initialization.
[[0;32m  OK  [0m] Listening on ACPID Listen Socket.
         Starting Socket activation for snappy daemon.
[[0;32m  OK  [0m] Started Ubuntu Advantage update messaging.
[[0;32m  OK  [0m] Started Clean PHP session files every 30 mins.
[[0;32m  OK  [0m] Started Daily Cleanup of Temporary Directories.
[[0;32m  OK  [0m] Started Daily apt download activities.
         Starting LXD - unix socket.
[[0;32m  OK  [0m] Started ACPI Events Check.
[[0;32m  OK  [0m] Reached target Paths.
[[0;32m  OK  [0m] Started Daily apt upgrade and clean activities.
[[0;32m  OK  [0m] Started Message of the Day.
[[0;32m  OK  [0m] Reached target Timers.
[[0;32m  OK  [0m] Listening on UUID daemon activation socket.
[[0;32m  OK  [0m] Listening on D-Bus System Message Bus Socket.
[[0;32m  OK  [0m] Reached target Network is Online.
         Starting iSCSI initiator daemon (iscsid)...
[[0;32m  OK  [0m] Listening on Socket activation for snappy daemon.
[[0;32m  OK  [0m] Listening on LXD - unix socket.
[[0;32m  OK  [0m] Reached target Sockets.
[[0;32m  OK  [0m] Reached target Basic System.
[[0;32m  OK  [0m] Started FUSE filesystem for LXC.
         Starting LSB: MD monitoring daemon...
         Starting Virtualbox guest utils...
         Starting Ubuntu Advantage APT and MOTD Messages...
         Starting Clean php session files...
         Starting Login Service...
[[0;32m  OK  [0m] Started Regular background program processing daemon.
         Starting A high performance web server and a reverse proxy server...
         Starting Snap Daemon...
[[0;32m  OK  [0m] Started D-Bus System Message Bus.
         Starting /etc/rc.local Compatibility...
         Starting LSB: Record successful boot for GRUB...
         Starting LXD - container startup/shutdown...
         Starting Message of the Day...
[[0;32m  OK  [0m] Started Deferred execution scheduler.
[[0;32m  OK  [0m] Started ACPI event daemon.
         Starting The PHP 7.4 FastCGI Process Manager...
         Starting The PHP 7.0 FastCGI Process Manager...
         Starting System Logging Service...
         Starting MySQL Community Server...
         Starting OpenBSD Secure Shell server...
         Starting Accounts Service...
[[0;32m  OK  [0m] Started iSCSI initiator daemon (iscsid).
[[0;32m  OK  [0m] Started /etc/rc.local Compatibility.
[[0;32m  OK  [0m] Started Message of the Day.
         Starting Login to default iSCSI targets...
[[0;32m  OK  [0m] Started Login Service.
[[0;32m  OK  [0m] Started Unattended Upgrades Shutdown.
[[0;32m  OK  [0m] Started LSB: MD monitoring daemon.
[[0;32m  OK  [0m] Started LSB: Record successful boot for GRUB.
[[0;32m  OK  [0m] Started System Logging Service.
[[0;32m  OK  [0m] Started Login to default iSCSI targets.
[[0;32m  OK  [0m] Reached target Remote File Systems (Pre).
         Mounting /vagrant...
         Mounting /home/vagrant/myyii...
[[0;32m  OK  [0m] Started OpenBSD Secure Shell server.
[[0;1;31mFAILED[0m] Failed to mount /vagrant.
See 'systemctl status vagrant.mount' for details.
[[0;1;33mDEPEND[0m] Dependency failed for Remote File Systems.
[[0;1;31mFAILED[0m] Failed to mount /home/vagrant/myyii.
See 'systemctl status home-vagrant-myyii.mount' for details.
[[0;32m  OK  [0m] Started A high performance web server and a reverse proxy server.
         Starting LSB: Set the CPU Frequency Scaling governor to "ondemand"...
         Starting LSB: daemon to balance interrupts for SMP systems...
         Starting LSB: automatic crash report generation...
         Starting Permit User Sessions...
[[0;32m  OK  [0m] Started Permit User Sessions.
         Starting Terminate Plymouth Boot Screen...
         Starting Hold until boot process finishes up...
[[0;32m  OK  [0m] Started Hold until boot process finishes up.
[[0;32m  OK  [0m] Started Terminate Plymouth Boot Screen.
[[0;32m  OK  [0m] Started Getty on tty1.
[[0;32m  OK  [0m] Started Serial Getty on ttyS0.
[[0;32m  OK  [0m] Reached target Login Prompts.
         Starting Set console scheme...
[[0;32m  OK  [0m] Started LSB: Set the CPU Frequency Scaling governor to "ondemand".
[[0;32m  OK  [0m] Started LSB: daemon to balance interrupts for SMP systems.
[[0;32m  OK  [0m] Started Set console scheme.
         Starting Authenticate and Authorize Users to Run Privileged Tasks...
[[0;32m  OK  [0m] Started Virtualbox guest utils.
[[0;32m  OK  [0m] Started LSB: automatic crash report generation.
[[0;32m  OK  [0m] Started LXD - container startup/shutdown.
[[0;32m  OK  [0m] Created slice User Slice of vagrant.
         Starting User Manager for UID 1000...
[[0;32m  OK  [0m] Started Session 1 of user vagrant.
[[0;32m  OK  [0m] Started User Manager for UID 1000.
[[0;32m  OK  [0m] Started Authenticate and Authorize Users to Run Privileged Tasks.
[[0;32m  OK  [0m] Started Accounts Service.
[[0;32m  OK  [0m] Started Snap Daemon.
         Starting Wait until snapd is fully seeded...
[[0;32m  OK  [0m] Started Wait until snapd is fully seeded.
         Starting Apply the settings specified in cloud-config...
[[0;32m  OK  [0m] Started The PHP 7.4 FastCGI Process Manager.
[[0;32m  OK  [0m] Started The PHP 7.0 FastCGI Process Manager.
[[0;32m  OK  [0m] Started Clean php session files.
[[0;32m  OK  [0m] Started Ubuntu Advantage APT and MOTD Messages.
[   13.291009] cloud-init[1536]: Cloud-init v. 21.1-19-gbad84ad4-0ubuntu1~16.04.2 running 'modules:config' at Fri, 17 Nov 2023 07:17:03 +0000. Up 13.06 seconds.
[[0;32m  OK  [0m] Started Apply the settings specified in cloud-config.
[[0;32m  OK  [0m] Started MySQL Community Server.
[[0;32m  OK  [0m] Reached target Multi-User System.
         Starting Execute cloud user/final scripts...
[[0;32m  OK  [0m] Reached target Graphical Interface.
         Starting Update UTMP about System Runlevel Changes...
[[0;32m  OK  [0m] Started Update UTMP about System Runlevel Changes.
[   14.561767] cloud-init[1672]: Cloud-init v. 21.1-19-gbad84ad4-0ubuntu1~16.04.2 running 'modules:final' at Fri, 17 Nov 2023 07:17:04 +0000. Up 14.42 seconds.
[   14.573301] cloud-init[1672]: Cloud-init v. 21.1-19-gbad84ad4-0ubuntu1~16.04.2 finished at Fri, 17 Nov 2023 07:17:04 +0000. Datasource DataSourceNoCloud [seed=/dev/sdb][dsmode=net].  Up 14.55 seconds
[[0;32m  OK  [0m] Started Execute cloud user/final scripts.
         Starting Daily apt download activities...
[[0;32m  OK  [0m] Reached target Cloud-init target.

Ubuntu 16.04.7 LTS ubuntu-xenial ttyS0

ubuntu-xenial login: 